// Jest Snapshot v1, https://goo.gl/fbAQLP

exports[`ColorPicker component renders color picker 1`] = `
<Fragment>
  <button
    key="green"
    onClick={[Function]}
  >
    green
  </button>
  <button
    key="blue"
    onClick={[Function]}
  >
    blue
  </button>
  <button
    key="red"
    onClick={[Function]}
  >
    red
  </button>
  <button
    key="yellow"
    onClick={[Function]}
  >
    yellow
  </button>
</Fragment>
`;
